MO TFF NULL TFF.v vlg58/_t_f_f.bin 1637636885
MO Mux41 NULL Mux41.v vlg0B/_mux41.bin 1637636885
MO taomode NULL taomode.v vlg11/taomode.bin 1637636885
MO topmodule NULL topmodule.v vlg39/topmodule.bin 1637636885
MO chonmode NULL chonmode.v vlg01/chonmode.bin 1637636885
MO taomod NULL taomode.v vlg3C/taomod.bin 1637636672
MO tao4xung NULL tao4xung.v vlg4E/tao4xung.bin 1637636885
