Release 14.7 - xst P.20131013 (nt64)
Copyright (c) 1995-2013 Xilinx, Inc.  All rights reserved.
--> Parameter TMPDIR set to xst/projnav.tmp


Total REAL time to Xst completion: 0.00 secs
Total CPU time to Xst completion: 0.09 secs
 
--> Parameter xsthdpdir set to xst


Total REAL time to Xst completion: 0.00 secs
Total CPU time to Xst completion: 0.09 secs
 
--> Reading design: Clock_1Hz.prj

TABLE OF CONTENTS
  1) Synthesis Options Summary
  2) HDL Compilation
  3) Design Hierarchy Analysis
  4) HDL Analysis
  5) HDL Synthesis
     5.1) HDL Synthesis Report
  6) Advanced HDL Synthesis
     6.1) Advanced HDL Synthesis Report
  7) Low Level Synthesis
  8) Partition Report
  9) Final Report
	9.1) Device utilization summary
	9.2) Partition Resource Summary
	9.3) TIMING REPORT


=========================================================================
*                      Synthesis Options Summary                        *
=========================================================================
---- Source Parameters
Input File Name                    : "Clock_1Hz.prj"
Input Format                       : mixed
Ignore Synthesis Constraint File   : NO

---- Target Parameters
Output File Name                   : "Clock_1Hz"
Output Format                      : NGC
Target Device                      : xc3s500e-4-fg320

---- Source Options
Top Module Name                    : Clock_1Hz
Automatic FSM Extraction           : YES
FSM Encoding Algorithm             : Auto
Safe Implementation                : No
FSM Style                          : LUT
RAM Extraction                     : Yes
RAM Style                          : Auto
ROM Extraction                     : Yes
Mux Style                          : Auto
Decoder Extraction                 : YES
Priority Encoder Extraction        : Yes
Shift Register Extraction          : YES
Logical Shifter Extraction         : YES
XOR Collapsing                     : YES
ROM Style                          : Auto
Mux Extraction                     : Yes
Resource Sharing                   : YES
Asynchronous To Synchronous        : NO
Multiplier Style                   : Auto
Automatic Register Balancing       : No

---- Target Options
Add IO Buffers                     : YES
Global Maximum Fanout              : 500
Add Generic Clock Buffer(BUFG)     : 24
Register Duplication               : YES
Slice Packing                      : YES
Optimize Instantiated Primitives   : NO
Use Clock Enable                   : Yes
Use Synchronous Set                : Yes
Use Synchronous Reset              : Yes
Pack IO Registers into IOBs        : Auto
Equivalent register Removal        : YES

---- General Options
Optimization Goal                  : Speed
Optimization Effort                : 1
Keep Hierarchy                     : No
Netlist Hierarchy                  : As_Optimized
RTL Output                         : Yes
Global Optimization                : AllClockNets
Read Cores                         : YES
Write Timing Constraints           : NO
Cross Clock Analysis               : NO
Hierarchy Separator                : /
Bus Delimiter                      : <>
Case Specifier                     : Maintain
Slice Utilization Ratio            : 100
BRAM Utilization Ratio             : 100
Verilog 2001                       : YES
Auto BRAM Packing                  : NO
Slice Utilization Ratio Delta      : 5

=========================================================================


=========================================================================
*                          HDL Compilation                              *
=========================================================================
Compiling verilog file "Clock_1Hz.v" in library work
Module <Clock_1Hz> compiled
No errors in compilation
Analysis of file <"Clock_1Hz.prj"> succeeded.
 

=========================================================================
*                     Design Hierarchy Analysis                         *
=========================================================================
Analyzing hierarchy for module <Clock_1Hz> in library <work> with parameters.
	M = "00000010111110101111000010000000"
	N = "00000000000000000000000000011110"


=========================================================================
*                            HDL Analysis                               *
=========================================================================
Analyzing top module <Clock_1Hz>.
	M = 32'sb00000010111110101111000010000000
	N = 32'sb00000000000000000000000000011110
Module <Clock_1Hz> is correct for synthesis.
 

=========================================================================
*                           HDL Synthesis                               *
=========================================================================

Performing bidirectional port resolution...

Synthesizing Unit <Clock_1Hz>.
    Related source file is "Clock_1Hz.v".
    Found 30-bit adder for signal <r_next$addsub0000> created at line 32.
    Found 30-bit comparator greatequal for signal <r_next$cmp_ge0000> created at line 32.
    Found 30-bit register for signal <r_reg>.
    Summary:
	inferred  30 D-type flip-flop(s).
	inferred   1 Adder/Subtractor(s).
	inferred   1 Comparator(s).
Unit <Clock_1Hz> synthesized.


=========================================================================
HDL Synthesis Report

Macro Statistics
# Adders/Subtractors                                   : 1
 30-bit adder                                          : 1
# Registers                                            : 1
 30-bit register                                       : 1
# Comparators                                          : 1
 30-bit comparator greatequal                          : 1

=========================================================================

=========================================================================
*                       Advanced HDL Synthesis                          *
=========================================================================


=========================================================================
Advanced HDL Synthesis Report

Macro Statistics
# Adders/Subtractors                                   : 1
 30-bit adder                                          : 1
# Registers                                            : 30
 Flip-Flops                                            : 30
# Comparators                                          : 1
 30-bit comparator greatequal                          : 1

=========================================================================

=========================================================================
*                         Low Level Synthesis                           *
=========================================================================

Optimizing unit <Clock_1Hz> ...

Mapping all equations...
Building and optimizing final netlist ...
Found area constraint ratio of 100 (+ 5) on block Clock_1Hz, actual ratio is 0.

Final Macro Processing ...

=========================================================================
Final Register Report

Macro Statistics
# Registers                                            : 30
 Flip-Flops                                            : 30

=========================================================================

=========================================================================
*                           Partition Report                            *
=========================================================================

Partition Implementation Status
-------------------------------

  No Partitions were found in this design.

-------------------------------

=========================================================================
*                            Final Report                               *
=========================================================================
Final Results
RTL Top Level Output File Name     : Clock_1Hz.ngr
Top Level Output File Name         : Clock_1Hz
Output Format                      : NGC
Optimization Goal                  : Speed
Keep Hierarchy                     : No

Design Statistics
# IOs                              : 3

Cell Usage :
# BELS                             : 143
#      GND                         : 1
#      INV                         : 4
#      LUT1                        : 33
#      LUT2                        : 30
#      LUT4                        : 4
#      MUXCY                       : 40
#      VCC                         : 1
#      XORCY                       : 30
# FlipFlops/Latches                : 30
#      FDC                         : 30
# Clock Buffers                    : 1
#      BUFGP                       : 1
# IO Buffers                       : 2
#      IBUF                        : 1
#      OBUF                        : 1
=========================================================================

Device utilization summary:
---------------------------

Selected Device : 3s500efg320-4 

 Number of Slices:                       38  out of   4656     0%  
 Number of Slice Flip Flops:             30  out of   9312     0%  
 Number of 4 input LUTs:                 71  out of   9312     0%  
 Number of IOs:                           3
 Number of bonded IOBs:                   3  out of    232     1%  
 Number of GCLKs:                         1  out of     24     4%  

---------------------------
Partition Resource Summary:
---------------------------

  No Partitions were found in this design.

---------------------------


=========================================================================
TIMING REPORT

NOTE: THESE TIMING NUMBERS ARE ONLY A SYNTHESIS ESTIMATE.
      FOR ACCURATE TIMING INFORMATION PLEASE REFER TO THE TRACE REPORT
      GENERATED AFTER PLACE-and-ROUTE.

Clock Information:
------------------
-----------------------------------+------------------------+-------+
Clock Signal                       | Clock buffer(FF name)  | Load  |
-----------------------------------+------------------------+-------+
clk                                | BUFGP                  | 30    |
-----------------------------------+------------------------+-------+

Asynchronous Control Signals Information:
----------------------------------------
-----------------------------------+------------------------+-------+
Control Signal                     | Buffer(FF name)        | Load  |
-----------------------------------+------------------------+-------+
reset                              | IBUF                   | 30    |
-----------------------------------+------------------------+-------+

Timing Summary:
---------------
Speed Grade: -4

   Minimum period: 6.262ns (Maximum Frequency: 159.693MHz)
   Minimum input arrival time before clock: No path found
   Maximum output required time after clock: 4.394ns
   Maximum combinational path delay: No path found

Timing Detail:
--------------
All values displayed in nanoseconds (ns)

=========================================================================
Timing constraint: Default period analysis for Clock 'clk'
  Clock period: 6.262ns (frequency: 159.693MHz)
  Total number of paths / destination ports: 1155 / 30
-------------------------------------------------------------------------
Delay:               6.262ns (Levels of Logic = 31)
  Source:            r_reg_1 (FF)
  Destination:       r_reg_29 (FF)
  Source Clock:      clk rising
  Destination Clock: clk rising

  Data Path: r_reg_1 to r_reg_29
                                Gate     Net
    Cell:in->out      fanout   Delay   Delay  Logical Name (Net Name)
    ----------------------------------------  ------------
     FDC:C->Q              1   0.591   0.595  r_reg_1 (r_reg_1)
     LUT1:I0->O            1   0.704   0.000  Madd_r_next_addsub0000_cy<1>_rt (Madd_r_next_addsub0000_cy<1>_rt)
     MUXCY:S->O            1   0.464   0.000  Madd_r_next_addsub0000_cy<1> (Madd_r_next_addsub0000_cy<1>)
     MUXCY:CI->O           1   0.059   0.000  Madd_r_next_addsub0000_cy<2> (Madd_r_next_addsub0000_cy<2>)
     MUXCY:CI->O           1   0.059   0.000  Madd_r_next_addsub0000_cy<3> (Madd_r_next_addsub0000_cy<3>)
     MUXCY:CI->O           1   0.059   0.000  Madd_r_next_addsub0000_cy<4> (Madd_r_next_addsub0000_cy<4>)
     MUXCY:CI->O           1   0.059   0.000  Madd_r_next_addsub0000_cy<5> (Madd_r_next_addsub0000_cy<5>)
     MUXCY:CI->O           1   0.059   0.000  Madd_r_next_addsub0000_cy<6> (Madd_r_next_addsub0000_cy<6>)
     MUXCY:CI->O           1   0.059   0.000  Madd_r_next_addsub0000_cy<7> (Madd_r_next_addsub0000_cy<7>)
     MUXCY:CI->O           1   0.059   0.000  Madd_r_next_addsub0000_cy<8> (Madd_r_next_addsub0000_cy<8>)
     MUXCY:CI->O           1   0.059   0.000  Madd_r_next_addsub0000_cy<9> (Madd_r_next_addsub0000_cy<9>)
     MUXCY:CI->O           1   0.059   0.000  Madd_r_next_addsub0000_cy<10> (Madd_r_next_addsub0000_cy<10>)
     MUXCY:CI->O           1   0.059   0.000  Madd_r_next_addsub0000_cy<11> (Madd_r_next_addsub0000_cy<11>)
     MUXCY:CI->O           1   0.059   0.000  Madd_r_next_addsub0000_cy<12> (Madd_r_next_addsub0000_cy<12>)
     MUXCY:CI->O           1   0.059   0.000  Madd_r_next_addsub0000_cy<13> (Madd_r_next_addsub0000_cy<13>)
     MUXCY:CI->O           1   0.059   0.000  Madd_r_next_addsub0000_cy<14> (Madd_r_next_addsub0000_cy<14>)
     MUXCY:CI->O           1   0.059   0.000  Madd_r_next_addsub0000_cy<15> (Madd_r_next_addsub0000_cy<15>)
     MUXCY:CI->O           1   0.059   0.000  Madd_r_next_addsub0000_cy<16> (Madd_r_next_addsub0000_cy<16>)
     MUXCY:CI->O           1   0.059   0.000  Madd_r_next_addsub0000_cy<17> (Madd_r_next_addsub0000_cy<17>)
     MUXCY:CI->O           1   0.059   0.000  Madd_r_next_addsub0000_cy<18> (Madd_r_next_addsub0000_cy<18>)
     MUXCY:CI->O           1   0.059   0.000  Madd_r_next_addsub0000_cy<19> (Madd_r_next_addsub0000_cy<19>)
     MUXCY:CI->O           1   0.059   0.000  Madd_r_next_addsub0000_cy<20> (Madd_r_next_addsub0000_cy<20>)
     MUXCY:CI->O           1   0.059   0.000  Madd_r_next_addsub0000_cy<21> (Madd_r_next_addsub0000_cy<21>)
     MUXCY:CI->O           1   0.059   0.000  Madd_r_next_addsub0000_cy<22> (Madd_r_next_addsub0000_cy<22>)
     MUXCY:CI->O           1   0.059   0.000  Madd_r_next_addsub0000_cy<23> (Madd_r_next_addsub0000_cy<23>)
     MUXCY:CI->O           1   0.059   0.000  Madd_r_next_addsub0000_cy<24> (Madd_r_next_addsub0000_cy<24>)
     MUXCY:CI->O           1   0.059   0.000  Madd_r_next_addsub0000_cy<25> (Madd_r_next_addsub0000_cy<25>)
     MUXCY:CI->O           1   0.059   0.000  Madd_r_next_addsub0000_cy<26> (Madd_r_next_addsub0000_cy<26>)
     MUXCY:CI->O           1   0.059   0.000  Madd_r_next_addsub0000_cy<27> (Madd_r_next_addsub0000_cy<27>)
     MUXCY:CI->O           0   0.059   0.000  Madd_r_next_addsub0000_cy<28> (Madd_r_next_addsub0000_cy<28>)
     XORCY:CI->O           1   0.804   0.499  Madd_r_next_addsub0000_xor<29> (r_next_addsub0000<29>)
     LUT2:I1->O            1   0.704   0.000  r_next<29>1 (r_next<29>)
     FDC:D                     0.308          r_reg_29
    ----------------------------------------
    Total                      6.262ns (5.168ns logic, 1.094ns route)
                                       (82.5% logic, 17.5% route)

=========================================================================
Timing constraint: Default OFFSET OUT AFTER for Clock 'clk'
  Total number of paths / destination ports: 1 / 1
-------------------------------------------------------------------------
Offset:              4.394ns (Levels of Logic = 1)
  Source:            r_reg_20 (FF)
  Destination:       f (PAD)
  Source Clock:      clk rising

  Data Path: r_reg_20 to f
                                Gate     Net
    Cell:in->out      fanout   Delay   Delay  Logical Name (Net Name)
    ----------------------------------------  ------------
     FDC:C->Q              3   0.591   0.531  r_reg_20 (r_reg_20)
     OBUF:I->O                 3.272          f_OBUF (f)
    ----------------------------------------
    Total                      4.394ns (3.863ns logic, 0.531ns route)
                                       (87.9% logic, 12.1% route)

=========================================================================


Total REAL time to Xst completion: 3.00 secs
Total CPU time to Xst completion: 3.66 secs
 
--> 

Total memory usage is 4505748 kilobytes

Number of errors   :    0 (   0 filtered)
Number of warnings :    0 (   0 filtered)
Number of infos    :    0 (   0 filtered)

